SELECT ingredient.id AS ingredient_id, ingredient.name AS ingredient_name, ingredient.icalories AS ingredient_icalories, ingredient.protein AS ingredient_protein, ingredient.carbs AS ingredient_carbs, ingredient.fat AS ingredient_fat, ingredient.fiber AS ingredient_fiber, ingredient.sugar AS ingredient_sugar, ingredient.item_unit_size AS ingredient_item_unit_size, ingredient.item_price AS ingredient_item_price, ingredient.u_price AS ingredient_u_price, ingredient.aisle_id AS ingredient_aisle_id 
FROM ingredient 
WHERE ingredient.name IS NULL
Andes Mint
